// Jest Snapshot v1, https://goo.gl/fbAQLP

exports[`PostDetailTest renders post as expected 1`] = `
<div>
  <article>
    <div
      class="xl:divide-y xl:divide-gray-200 xl:dark:divide-gray-700"
    >
      <header
        class="text-center pt-6 xl:pb-6"
      >
        <h1
          class="heading"
        >
          My Blog Post
        </h1>
      </header>
      <div
        class="pb-8 xl:grid xl:grid-cols-4 xl:gap-x-6"
        style="grid-template-rows: auto 1fr;"
      >
        <div
          class="sidenav"
        >
          <div
            class="nav-section"
          >
            <h2
              class="text-xs uppercase tracking-wide text-gray-500 dark:text-gray-400"
            >
              Table of contents
            </h2>
            <div
              data-testid="TableOfContents"
            />
          </div>
          <div
            class="nav-section"
          >
            <div
              data-testid="TagsWidget"
            />
          </div>
          <div
            class="nav-section pt-4 xl:pt-8"
          >
            <a
              href="/"
            >
              ‚Üê Back to the blog
            </a>
          </div>
        </div>
        <div
          class="xl:col-span-3 xl:row-span-2 xl:pb-0"
        >
          <div
            class="prose prose-img:mx-auto max-w-none pt-10 pb-8 dark:prose-dark"
          >
            <div>
              <div>
                Content
              </div>
            </div>
          </div>
        </div>
      </div>
    </div>
  </article>
</div>
`;
