// Jest Snapshot v1, https://goo.gl/fbAQLP

exports[`PostsList renders all posts as expected 1`] = `
<div>
  <ul
    class="divide-y divide-gray-200 dark:divide-gray-700"
  >
    <li
      class="py-12"
    >
      <article>
        <div
          class="space-y-2 xl:grid xl:grid-cols-4 xl:items-baseline xl:space-y-0"
        >
          <dl>
            <dt
              class="sr-only"
            >
              Published on
            </dt>
            <dd
              class="text-base font-medium leading-6 text-gray-500 dark:text-gray-400"
            >
              <time
                datetime="2023-01-01"
              >
                Jan 1, 2023
              </time>
            </dd>
          </dl>
          <div
            class="space-y-5 xl:col-span-3"
          >
            <div
              class="space-y-6"
            >
              <div>
                <h2
                  class="text-2xl font-bold leading-8 tracking-tight"
                >
                  <a
                    class="text-gray-900 dark:text-gray-100"
                    href="/posts/my-blog-post-1"
                  >
                    My Blog Post 1
                  </a>
                </h2>
                <div
                  class="flex flex-wrap"
                >
                  <a
                    href="/tags/label1"
                  >
                    <span
                      class="mr-3 text-sm font-medium uppercase text-primary-500 hover:text-primary-600 dark:hover:text-primary-400"
                    >
                      #
                      label1
                    </span>
                  </a>
                  <a
                    href="/tags/label2"
                  >
                    <span
                      class="mr-3 text-sm font-medium uppercase text-primary-500 hover:text-primary-600 dark:hover:text-primary-400"
                    >
                      #
                      label2
                    </span>
                  </a>
                </div>
              </div>
              <div
                class="prose max-w-none text-gray-500 dark:text-gray-400"
              >
                Blog post summary TODO
              </div>
            </div>
            <div
              class="text-base font-medium leading-6"
            >
              <a
                aria-label="Read "My Blog Post 1""
                class="text-primary-500 hover:text-primary-600 dark:hover:text-primary-400"
                href="/posts/my-blog-post-1"
              >
                Read more (
                1 min
                ) →
              </a>
            </div>
          </div>
        </div>
      </article>
    </li>
    <li
      class="py-12"
    >
      <article>
        <div
          class="space-y-2 xl:grid xl:grid-cols-4 xl:items-baseline xl:space-y-0"
        >
          <dl>
            <dt
              class="sr-only"
            >
              Published on
            </dt>
            <dd
              class="text-base font-medium leading-6 text-gray-500 dark:text-gray-400"
            >
              <time
                datetime="2023-01-01"
              >
                Jan 1, 2023
              </time>
            </dd>
          </dl>
          <div
            class="space-y-5 xl:col-span-3"
          >
            <div
              class="space-y-6"
            >
              <div>
                <h2
                  class="text-2xl font-bold leading-8 tracking-tight"
                >
                  <a
                    class="text-gray-900 dark:text-gray-100"
                    href="/posts/my-blog-post-2"
                  >
                    My Blog Post 2
                  </a>
                </h2>
                <div
                  class="flex flex-wrap"
                >
                  <a
                    href="/tags/label2"
                  >
                    <span
                      class="mr-3 text-sm font-medium uppercase text-primary-500 hover:text-primary-600 dark:hover:text-primary-400"
                    >
                      #
                      label2
                    </span>
                  </a>
                </div>
              </div>
              <div
                class="prose max-w-none text-gray-500 dark:text-gray-400"
              >
                Blog post summary TODO
              </div>
            </div>
            <div
              class="text-base font-medium leading-6"
            >
              <a
                aria-label="Read "My Blog Post 2""
                class="text-primary-500 hover:text-primary-600 dark:hover:text-primary-400"
                href="/posts/my-blog-post-2"
              >
                Read more (
                1 min
                ) →
              </a>
            </div>
          </div>
        </div>
      </article>
    </li>
  </ul>
</div>
`;
