// Jest Snapshot v1, https://goo.gl/fbAQLP

exports[`Tag renders as expected 1`] = `
<div>
  <a
    href="/tags/tag"
  >
    <span
      class="mr-3 text-sm font-medium uppercase text-primary-500 hover:text-primary-600 dark:hover:text-primary-400"
    >
      tag
    </span>
  </a>
</div>
`;
